Panel 1:
T-Rex: Today is a good day I think for pointing out the failures of others!

Panel 2:
T-Rex: I will consider it as a public service!

Panel 3:
T-Rex: To begin: your house is too small and your car is slightly out of scale!
T-Rex: And you! Your colouring is improbable!

Panel 4:
T-Rex: You, young woman, are too tiny and also lack personality!
Utahraptor: I'm not a woman!

Panel 5:
T-Rex: My comments were addressed to the young lady beneath my foot; you were not their intended target.
Utahraptor: My apologies.

Panel 6:
T-Rex: You have difficulty discerning to whom I am speaking!
