Panel 1:
T-Rex: I've got a question: who the hell goes to Cornwall?

Panel 2:
T-Rex: Seriously!

Panel 3:
T-Rex: Who the hell goes to Cornwall?
Dromiceiomimus: Seriously, who does that?

Panel 4:
Utahraptor: Who the hell goes to Cornwall?
T-Rex: I know!

Panel 5:
T-Rex and Utahraptor: Who the hell goes to Cornwall?

Panel 6:
T-Rex: Seriously!
