Panel 1:
T-Rex: Today is a good day I think for people volunteering unwanted personal information about themselves!
T-Rex: Should be awkward!

Panel 2:
Narrator: AWKWARD MOMENTS COMICS

Panel 3:
Dromiceiomimus: You know, I've never really been comfortable with being a vegetarian Dromiceiomimus.
T-Rex: Oh.
T-Rex: I see.
T-Rex: {thinks} Hmm... that was KIND of awkward.

Panel 4:
Utahraptor: Hey, I had a dream about you last night, only you had my mother's body, and, um-
Utahraptor: {mini} Father's genitals.

Panel 5:
Utahraptor: uh

Panel 6:
Narrator: LATER...
T-Rex: Wow...
T-Rex: That was awkward!
