Panel 1:
T-Rex: I can't believe the Utahraptor thinks that T-Rexes are cute. I am not cute! My daily romps inspire fear in all who meet me!

Panel 2:
T-Rex: Fear!

Panel 3:
T-Rex: Dromiceiomimus! Do you think me and my little green arms are cute, or do they rather inspire a chilling fear in your very SOUL?
Dromiceiomimus: Heh. I never noticed before, but they are kinda cute.
T-Rex: But look: I'm crushing a house! It is very frightening!

Panel 4:
T-Rex: What could be more terrifying than being crushed by a T-Rex?
Utahraptor: Being mauled by a Utahraptor?

Panel 5:
T-Rex: What?
Utahraptor: I'm just sayin'.

Panel 6:
Narrator: THAT EVENING...
T-Rex: {thinks} ▹Does no-one realize that this is a very sensitive issue for me?!◃
