Panel 1:
T-Rex: Guess what I got last night?
Panel 2:
T-Rex: A **dog**!
Panel 3:
T-Rex: Did you know that dogs and dinosaurs co-existed?
Dromiceiomimus: Yes, I accepted it without questioning.
T-Rex: Good!
Panel 4:
T-Rex: I am excited to go play with my new pet dog!
Utahraptor: What are you going to name him?
Panel 5:
T-Rex: I am thinking, "T-Junior".
Utahraptor: That's terrible.
T-Rex: What about "Dogasaurus Rex"?
Utahraptor: Excuse me.
Panel 6:
T-Rex: Well, it's better than "Utahraptor"!
T-Rex: What is that anyway, a place?
T-Rex: "Utah"?
