Panel 1:
T-Rex: Well, if there has been a moral to my life over the past few days, it has been this: never lose a baby!
T-Rex: Never do that!

Panel 2:
Narrator: T-REX IN
Narrator: "NEVER LOSE A BABY"

Panel 3:
T-Rex: Never lose a baby, because if you do, the mother will be very angry until the baby is returned!

Panel 4:
T-Rex: Never lose a baby, because if you do, people likely won't trust you with babies in the future!
Utahraptor: I've got one!

Panel 5:
Utahraptor: Never lose a baby, because if you do, you might be forced to pay for the loss with one of your own babies!
T-Rex: That's true!
Utahraptor: So what's the lesson here, T-Rex?

Panel 6:
T-Rex: Never lose a baby!
