T-Rex: I demand instant gratification!

Narrator: SECONDS LATER...
T-Rex: I'm not gratified!

T-Rex: Maybe instant gratification isn't-
T-Rex: Dromiceiomimus! How long have you been standing there?!
Dromiceiomimus: Long enough!

Narrator: POSTSCRIPT: THE NEXT DAY
Utahraptor: I'm T-Rex and I demand instant gratification!

T-Rex: Those were my private thoughts! She had no right to tell you!
Utahraptor: Hah hah hah! It's good gossip!

T-Rex: Ha ha, I guess I was being kind of silly!
T-Rex: Listen though, don't tell my mom, okay?
