Panel 1:
Narrator: COMICS WITH NON-TWIST ENDINGS

Panel 2:
T-Rex: I declare this day to be "stomp on houses" day!

Panel 3:
Narrator: LATER:
T-Rex: Whoooo!
Narrator: THE END

Panel 4:
Narrator: COMICS WITH TWISTS AND TURNS!
Utahraptor: Hey T-Rex!
T-Rex: Hey there!

Panel 5:
Utahraptor: Listen, I was wondering if you-
Narrator: HOLD ON TIGHT!
Utahraptor: Um, listen, I-
Narrator: SUDDENLY!
Utahraptor: ... so, um, I was wondering if-
Narrator: JUST THEN!

Panel 6:
Narrator: THE END!
T-Rex: I can't hear you!
