Panel 1:
T-Rex: I'm sick and ornery! I just want to be left alone today, so give me my distance!

Panel 2:
T-Rex: With this in mind, I'm going for a walk!

Panel 3:
Dromiceiomimus: Haven't we gone over this before? Declaring yourself to be angry doesn't excuse personal responsibility, T-Rex!
T-Rex: Forget it, Dromiceiomimus! I don't want to hear anyone's voice all up in my earhole!

Panel 4:
Utahraptor: Ewwwwww!

Panel 5:
Utahraptor: "All up in my earhole"? That's disgusting! "Earhole"!
Utahraptor: Man!
Utahraptor: Friendship annulled! You're gross!

Panel 6:
Narrator: "The Power of Language"
